// Jest Snapshot v1, https://goo.gl/fbAQLP

exports[`Capsules test suite Capsules component  test case 1`] = `
<div
  className="loader"
/>
`;

exports[`Capsules test suite Capsules test case for useeffect 1`] = `
<Fragment>
  <section>
    <h1
      className="heading mb-5"
    >
      Capsules
    </h1>
    <div
      className="max-width grid grid-cols-1 gap-5 md:grid-cols-2 lg:grid-cols-3 xl:grid-cols-3 mt-10"
    >
      <label
        className="text-white"
      >
        Capsule type:
         
        <input
          name="type"
          onChange={[Function]}
          placeholder="Search by Capsule type(C101)"
          type="text"
          value="C102"
        />
      </label>
      <label
        className="text-white"
      >
        Capsule Status:
         
        <input
          name="status"
          onChange={[Function]}
          placeholder="Search by status"
          type="text"
          value="active"
        />
      </label>
      <label
        className="text-white"
      >
        Total Landings:
         
        <input
          name="landings"
          onChange={[Function]}
          placeholder="Search by total landings"
          type="text"
          value="0"
        />
      </label>
      <article
        className="articles capsules"
        key="C102"
      >
        <h2
          className="text-xl font-bold mb-5"
        >
          Dragon 1.0
          ,
           
          <span
            className="text-base font-normal opacity-75"
          >
            C102
          </span>
        </h2>
        <ul>
          <li
            className="mb-1"
          >
            Reused times: 
            0
          </li>
          <li
            className="mb-1"
          >
            landings: 
            0
          </li>
          <li
            className="mb-1"
          >
            Details: 
            Dragon capsule
             
          </li>
          <li
            className="mb-1"
          >
            Original Launch: 
            2010-12-08T15:43:00.000Z
          </li>
          <li
            className="mb-1"
          >
            Original Launch Unix: 
            1291822980
          </li>
          <li
            className="capitalize text-green-500"
          >
            Status: 
            active
          </li>
        </ul>
      </article>
    </div>
  </section>
  <Pagination
    capsulesPerPage={9}
    currentPage={1}
    setCurrentPage={[Function]}
    totalCapsules={1}
  />
</Fragment>
`;
